cargo :    Compiling vaughan v0.1.0 (C:\Users\rb3y9\Desktop\Vaughan\Vaughan-main)
At line:1 char:1
+ cargo test fees > errors.txt 2>&1
+ ~~~~~~~~~~~~~~~~~~~~~~~~~~~~~~~~~
    + CategoryInfo          : NotSpecified: (   Compiling va...n\Vaughan-main):String) [], RemoteExc 
   eption
    + FullyQualifiedErrorId : NativeCommandError
 
warning: unused import: `crate::error::VaughanError`
  --> src\gui\services\integrated_account_service.rs:11:5
   |
11 | use crate::error::VaughanError;
   |     ^^^^^^^^^^^^^^^^^^^^^^^^^^
   |
   = note: `#[warn(unused_imports)]` (part of `#[warn(unused)]`) on by default

warning: unused import: `NetworkError`
  --> src\performance\batch.rs:28:20
   |
28 | use crate::error::{NetworkError, Result};
   |                    ^^^^^^^^^^^^

warning: unused imports: `ExposeSecret` and `SecretString`
  --> src\security\export_auth.rs:13:15
   |
13 | use secrecy::{ExposeSecret, SecretString};
   |               ^^^^^^^^^^^^  ^^^^^^^^^^^^

warning: usage of an `unsafe` block
   --> src\security\keychain.rs:373:26
    |
373 |             LastWritten: unsafe { std::mem::zeroed() },
    |                          ^^^^^^^^^^^^^^^^^^^^^^^^^^^^^
    |
    = note: requested on the command line with `-W unsafe-code`

warning: usage of an `unsafe` block
   --> src\security\keychain.rs:383:22
    |
383 |         let result = unsafe { CredWriteW(&mut credential, 0) };
    |                      ^^^^^^^^^^^^^^^^^^^^^^^^^^^^^^^^^^^^^^^^^

warning: usage of an `unsafe` block
   --> src\security\keychain.rs:387:30
    |
387 |             let error_code = unsafe { GetLastError() };
    |                              ^^^^^^^^^^^^^^^^^^^^^^^^^

warning: usage of an `unsafe` block
   --> src\security\keychain.rs:412:22
    |
412 |           let result = unsafe {
    |  ______________________^
413 | |             CredReadW(
414 | |                 target_name_wide.as_ptr() as LPCWSTR,
415 | |                 CRED_TYPE_GENERIC,
...   |
419 | |         };
    | |_________^

warning: usage of an `unsafe` block
   --> src\security\keychain.rs:423:30
    |
423 |             let error_code = unsafe { GetLastError() };
    |                              ^^^^^^^^^^^^^^^^^^^^^^^^^

warning: usage of an `unsafe` block
   --> src\security\keychain.rs:433:24
    |
433 |           let key_data = unsafe {
    |  ________________________^
434 | |             let cred = &*credential;
435 | |             let blob_size = cred.CredentialBlobSize as usize;
436 | |             let blob_ptr = cred.CredentialBlob;
...   |
447 | |             String::from_utf8_lossy(data).into_owned()
448 | |         };
    | |_________^

warning: usage of an `unsafe` block
   --> src\security\keychain.rs:450:9
    |
450 |         unsafe { CredFree(credential as *mut _) };
    |         ^^^^^^^^^^^^^^^^^^^^^^^^^^^^^^^^^^^^^^^^^

warning: usage of an `unsafe` block
   --> src\security\keychain.rs:464:22
    |
464 |         let result = unsafe { CredDeleteW(target_name_wide.as_ptr() as LPCWSTR, 
CRED_TYPE_GENERIC, 0) };
    |                      
^^^^^^^^^^^^^^^^^^^^^^^^^^^^^^^^^^^^^^^^^^^^^^^^^^^^^^^^^^^^^^^^^^^^^^^^^^^^^^^^^^

warning: usage of an `unsafe` block
   --> src\security\keychain.rs:468:30
    |
468 |             let error_code = unsafe { GetLastError() };
    |                              ^^^^^^^^^^^^^^^^^^^^^^^^^

warning: usage of an `unsafe` block
  --> src\security\memory.rs:55:22
   |
55 |         let result = unsafe { VirtualLock(addr as *mut winapi::ctypes::c_void, len) };
   |                      ^^^^^^^^^^^^^^^^^^^^^^^^^^^^^^^^^^^^^^^^^^^^^^^^^^^^^^^^^^^^^^^^

warning: usage of an `unsafe` block
  --> src\security\memory.rs:73:22
   |
73 |         let result = unsafe { VirtualUnlock(addr as *mut winapi::ctypes::c_void, len) };
   |                      ^^^^^^^^^^^^^^^^^^^^^^^^^^^^^^^^^^^^^^^^^^^^^^^^^^^^^^^^^^^^^^^^^^

warning: usage of an `unsafe` block
   --> src\security\memory.rs:154:19
    |
154 |         let ptr = unsafe { std::alloc::alloc_zeroed(layout) };
    |                   ^^^^^^^^^^^^^^^^^^^^^^^^^^^^^^^^^^^^^^^^^^^

warning: usage of an `unsafe` block
   --> src\security\memory.rs:184:9
    |
184 |         unsafe { std::slice::from_raw_parts_mut(self.ptr, self.len) }
    |         ^^^^^^^^^^^^^^^^^^^^^^^^^^^^^^^^^^^^^^^^^^^^^^^^^^^^^^^^^^^^^

warning: usage of an `unsafe` block
   --> src\security\memory.rs:202:9
    |
202 | /         unsafe {
203 | |             ptr::write_bytes(self.ptr, 0, self.len);
204 | |         }
    | |_________^

warning: usage of an `unsafe` block
   --> src\security\memory.rs:227:9
    |
227 | /         unsafe {
228 | |             let layout = std::alloc::Layout::from_size_align_unchecked(self.len, 8);
229 | |             std::alloc::dealloc(self.ptr, layout);
230 | |         }
    | |_________^

warning: implementation of an `unsafe` trait
   --> src\security\memory.rs:237:1
    |
237 | unsafe impl Send for SecureMemory {}
    | ^^^^^^^^^^^^^^^^^^^^^^^^^^^^^^^^^^^^

warning: ambiguous glob re-exports
  --> src\security\mod.rs:37:9
   |
37 | pub use keystore::*;
   |         ^^^^^^^^^^^ the name `encryption` in the type namespace is first re-exported here
...
40 | pub use seed::*;
   |         ------- but the name `encryption` in the type namespace is also re-exported here
   |
   = note: `#[warn(ambiguous_glob_reexports)]` on by default

warning: unused import: `std::sync::Arc`
  --> src\telemetry\account_events.rs:35:5
   |
35 | use std::sync::Arc;
   |     ^^^^^^^^^^^^^^

warning: unused import: `zeroize::Zeroizing`
  --> src\wallet\account_manager\creation.rs:26:5
   |
26 | use zeroize::Zeroizing;
   |     ^^^^^^^^^^^^^^^^^^

warning: unused import: `KeyReference`
  --> src\wallet\account_manager\signer_integration.rs:17:23
   |
17 | use crate::security::{KeyReference, SecureAccount};
   |                       ^^^^^^^^^^^^

warning: unused import: `std::sync::Arc`
  --> src\wallet\account_manager\signer_integration.rs:26:5
   |
26 | use std::sync::Arc;
   |     ^^^^^^^^^^^^^^

warning: unused imports: `error` and `warn`
  --> src\wallet\account_manager\signer_integration.rs:27:21
   |
27 | use tracing::{info, warn, error};
   |                     ^^^^  ^^^^^

warning: unused import: `SolStruct`
  --> src\wallet\account_manager\eip712.rs:19:38
   |
19 | use alloy::sol_types::{Eip712Domain, SolStruct};
   |                                      ^^^^^^^^^

warning: unused import: `std::str::FromStr`
  --> src\wallet\account_manager\eip712.rs:21:5
   |
21 | use std::str::FromStr;
   |     ^^^^^^^^^^^^^^^^^

warning: unused import: `VaughanError`
  --> src\wallet\backup\mod.rs:11:56
   |
11 | use crate::error::{Result, SecurityError, WalletError, VaughanError};
   |                                                        ^^^^^^^^^^^^

warning: unused import: `SecureExport`
  --> src\wallet\backup\mod.rs:12:39
   |
12 | use crate::security::{SecureKeystore, SecureExport};
   |                                       ^^^^^^^^^^^^

warning: unused imports: `ExposeSecret` and `SecretVec`
  --> src\wallet\backup\mod.rs:18:15
   |
18 | use secrecy::{ExposeSecret, SecretString, SecretVec};
   |               ^^^^^^^^^^^^                ^^^^^^^^^

warning: unused imports: `Zeroize` and `Zeroizing`
  --> src\wallet\backup\mod.rs:22:15
   |
22 | use zeroize::{Zeroize, Zeroizing};
   |               ^^^^^^^  ^^^^^^^^^

warning: unused imports: `B256`, `Bytes`, and `U256`
  --> src\wallet\provider\eip1193.rs:19:34
   |
19 | use alloy::primitives::{Address, Bytes, B256, U256};
   |                                  ^^^^^  ^^^^  ^^^^

warning: unused import: `std::collections::HashMap`
  --> src\wallet\provider\eip1193.rs:23:5
   |
23 | use std::collections::HashMap;
   |     ^^^^^^^^^^^^^^^^^^^^^^^^^

warning: unused imports: `VaughanError` and `WalletError`
  --> src\wallet\provider\eip1193.rs:28:28
   |
28 | use crate::error::{Result, VaughanError, WalletError};
   |                            ^^^^^^^^^^^^  ^^^^^^^^^^^

warning: unused import: `U256`
  --> src\wallet\transaction\simulator.rs:17:41
   |
17 | use alloy::primitives::{Address, Bytes, U256};
   |                                         ^^^^

warning: unused import: `std::str::FromStr`
  --> src\wallet\transaction\simulator.rs:20:5
   |
20 | use std::str::FromStr;
   |     ^^^^^^^^^^^^^^^^^

warning: unused imports: `NetworkError`, `Result`, and `VaughanError`
  --> src\wallet\transaction\simulator.rs:23:20
   |
23 | use crate::error::{Result, VaughanError, NetworkError};
   |                    ^^^^^^  ^^^^^^^^^^^^  ^^^^^^^^^^^^

warning: unused import: `std::sync::Arc`
  --> src\wallet\transaction\fees.rs:19:5
   |
19 | use std::sync::Arc;
   |     ^^^^^^^^^^^^^^

warning: unused imports: `HDPath as LedgerHDPath` and `HDPath as TrezorHDPath`
  --> src\security\hardware.rs:30:27
   |
30 |     alloy_signer_ledger::{HDPath as LedgerHDPath, LedgerSigner},
   |                           ^^^^^^^^^^^^^^^^^^^^^^
31 |     alloy_signer_trezor::{HDPath as TrezorHDPath, TrezorSigner},
   |                           ^^^^^^^^^^^^^^^^^^^^^^

warning: unused import: `tokio::time::sleep`
   --> src\security\export_auth.rs:172:9
    |
172 |     use tokio::time::sleep;
    |         ^^^^^^^^^^^^^^^^^^

warning: usage of an `unsafe` block
  --> src\security\memory.rs:55:22
   |
55 |         let result = unsafe { VirtualLock(addr as *mut winapi::ctypes::c_void, len) };
   |                      ^^^^^^^^^^^^^^^^^^^^^^^^^^^^^^^^^^^^^^^^^^^^^^^^^^^^^^^^^^^^^^^^
   |
   = note: requested on the command line with `-W unsafe-code`

warning: unused import: `AtomicU32`
   --> src\security\session.rs:477:41
    |
477 |     use std::sync::atomic::{AtomicBool, AtomicU32, Ordering};
    |                                         ^^^^^^^^^

warning: unused import: `EncryptionType`
    --> src\wallet\account_manager\mod.rs:1031:27
     |
1031 |     use crate::security::{EncryptionType, KeyReference};
     |                           ^^^^^^^^^^^^^^

error[E0107]: trait takes at most 1 generic argument but 2 generic arguments were supplied
  --> src\wallet\transaction\fees.rs:65:12
   |
65 |         P: Provider<T, N>,
   |            ^^^^^^^^  --- help: remove the unnecessary generic argument
   |            |
   |            expected at most 1 generic argument
   |
note: trait defined here, with at most 1 generic parameter: `N`
  --> C:\Users\rb3y9\.cargo\registry\src\index.crates.io-1949cf8c6b5b557f\alloy-provider-1.4.3\src\pr
ovider\trait.rs:73:11
   |
73 | pub trait Provider<N: Network = Ethereum>: Send + Sync {
   |           ^^^^^^^^ ---------------------

error[E0107]: trait takes at most 1 generic argument but 2 generic arguments were supplied
   --> src\wallet\transaction\fees.rs:147:12
    |
147 |         P: Provider<T, N>,
    |            ^^^^^^^^  --- help: remove the unnecessary generic argument
    |            |
    |            expected at most 1 generic argument
    |
note: trait defined here, with at most 1 generic parameter: `N`
   --> C:\Users\rb3y9\.cargo\registry\src\index.crates.io-1949cf8c6b5b557f\alloy-provider-1.4.3\src\p
rovider\trait.rs:73:11
    |
 73 | pub trait Provider<N: Network = Ethereum>: Send + Sync {
    |           ^^^^^^^^ ---------------------

error[E0107]: trait takes at most 1 generic argument but 2 generic arguments were supplied
   --> src\wallet\transaction\fees.rs:198:12
    |
198 |         P: Provider<T, N>,
    |            ^^^^^^^^  --- help: remove the unnecessary generic argument
    |            |
    |            expected at most 1 generic argument
    |
note: trait defined here, with at most 1 generic parameter: `N`
   --> C:\Users\rb3y9\.cargo\registry\src\index.crates.io-1949cf8c6b5b557f\alloy-provider-1.4.3\src\p
rovider\trait.rs:73:11
    |
 73 | pub trait Provider<N: Network = Ethereum>: Send + Sync {
    |           ^^^^^^^^ ---------------------

error[E0107]: trait takes at most 1 generic argument but 2 generic arguments were supplied
   --> src\wallet\transaction\fees.rs:223:12
    |
223 |         P: Provider<T, N>,
    |            ^^^^^^^^  --- help: remove the unnecessary generic argument
    |            |
    |            expected at most 1 generic argument
    |
note: trait defined here, with at most 1 generic parameter: `N`
   --> C:\Users\rb3y9\.cargo\registry\src\index.crates.io-1949cf8c6b5b557f\alloy-provider-1.4.3\src\p
rovider\trait.rs:73:11
    |
 73 | pub trait Provider<N: Network = Ethereum>: Send + Sync {
    |           ^^^^^^^^ ---------------------

warning: unused import: `alloy::signers::Signer`
 --> src\wallet\account_manager\discovery.rs:9:5
  |
9 | use alloy::signers::Signer;
  |     ^^^^^^^^^^^^^^^^^^^^^^

warning: unused import: `alloy::signers::Signer`
  --> src\security\hardware.rs:13:5
   |
13 | use alloy::signers::Signer;
   |     ^^^^^^^^^^^^^^^^^^^^^^

warning: unused variable: `e`
  --> src\wallet\account_manager\signer_integration.rs:51:23
   |
51 |             .map_err(|e| VaughanError::Wallet(WalletError::InvalidPrivateKey))?;
   |                       ^ help: if this is intentional, prefix it with an underscore: `_e`
   |
   = note: `#[warn(unused_variables)]` (part of `#[warn(unused)]`) on by default

warning: unused variable: `details`
   --> src\telemetry\account_events.rs:737:13
    |
737 |             details in "[a-zA-Z0-9 ]{10,50}"
    |             ^^^^^^^ help: if this is intentional, prefix it with an underscore: `_details`
    |
    = note: `#[warn(unused_variables)]` (part of `#[warn(unused)]`) on by default

For more information about this error, try `rustc --explain E0107`.
warning: `vaughan` (lib) generated 40 warnings
error: could not compile `vaughan` (lib) due to 4 previous errors; 40 warnings emitted
warning: build failed, waiting for other jobs to finish...
warning: unused variable: `valid_token`
   --> src\wallet\account_manager\export.rs:200:13
    |
200 |         let valid_token = auth.authenticate(true).await.unwrap();
    |             ^^^^^^^^^^^ help: if this is intentional, prefix it with an underscore: 
`_valid_token`

warning: unused variable: `e`
  --> src\wallet\account_manager\signer_integration.rs:51:23
   |
51 |             .map_err(|e| VaughanError::Wallet(WalletError::InvalidPrivateKey))?;
   |                       ^ help: if this is intentional, prefix it with an underscore: `_e`

warning: `vaughan` (lib test) generated 35 warnings (26 duplicates)
error: could not compile `vaughan` (lib test) due to 4 previous errors; 35 warnings emitted
