cargo :    Compiling vaughan v0.1.0 
(C:\Users\rb3y9\Desktop\Vaughan\Vaughan-main)
At line:1 char:1
+ cargo test --all-features --no-fail-fast 2>&1 
| Tee-Object -FilePath  ...
+ ~~~~~~~~~~~~~~~~~~~~~~~~~~~~~~~~~~~~~~~~~~~~~
    + CategoryInfo          : NotSpecified: (   
    Compiling va...n\Vaughan-main):String) [],  
   RemoteException
    + FullyQualifiedErrorId : NativeCommandErro 
   r
 
warning: usage of an `unsafe` block
   --> src\security\keychain.rs:373:26
    |
373 |             LastWritten: unsafe { 
std::mem::zeroed() },
    |                          
^^^^^^^^^^^^^^^^^^^^^^^^^^^^^
    |
    = note: requested on the command line with 
`-W unsafe-code`

warning: usage of an `unsafe` block
   --> src\security\keychain.rs:383:22
    |
383 |         let result = unsafe { 
CredWriteW(&mut credential, 0) };
    |                      
^^^^^^^^^^^^^^^^^^^^^^^^^^^^^^^^^^^^^^^^^

warning: usage of an `unsafe` block
   --> src\security\keychain.rs:387:30
    |
387 |             let error_code = unsafe { 
GetLastError() };
    |                              
^^^^^^^^^^^^^^^^^^^^^^^^^

warning: usage of an `unsafe` block
   --> src\security\keychain.rs:412:22
    |
412 |           let result = unsafe {
    |  ______________________^
413 | |             CredReadW(
414 | |                 
target_name_wide.as_ptr() as LPCWSTR,
415 | |                 CRED_TYPE_GENERIC,
...   |
419 | |         };
    | |_________^

warning: usage of an `unsafe` block
   --> src\security\keychain.rs:423:30
    |
423 |             let error_code = unsafe { 
GetLastError() };
    |                              
^^^^^^^^^^^^^^^^^^^^^^^^^

warning: usage of an `unsafe` block
   --> src\security\keychain.rs:433:24
    |
433 |           let key_data = unsafe {
    |  ________________________^
434 | |             let cred = &*credential;
435 | |             let blob_size = 
cred.CredentialBlobSize as usize;
436 | |             let blob_ptr = 
cred.CredentialBlob;
...   |
447 | |             
String::from_utf8_lossy(data).into_owned()
448 | |         };
    | |_________^

warning: usage of an `unsafe` block
   --> src\security\keychain.rs:450:9
    |
450 |         unsafe { CredFree(credential as 
*mut _) };
    |         
^^^^^^^^^^^^^^^^^^^^^^^^^^^^^^^^^^^^^^^^^

warning: usage of an `unsafe` block
   --> src\security\keychain.rs:464:22
    |
464 |         let result = unsafe { 
CredDeleteW(target_name_wide.as_ptr() as 
LPCWSTR, CRED_TYPE_GENERIC, 0) };
    |                      ^^^^^^^^^^^^^^^^^^^^^
^^^^^^^^^^^^^^^^^^^^^^^^^^^^^^^^^^^^^^^^^^^^^^^^
^^^^^^^^^^^^^

warning: usage of an `unsafe` block
   --> src\security\keychain.rs:468:30
    |
468 |             let error_code = unsafe { 
GetLastError() };
    |                              
^^^^^^^^^^^^^^^^^^^^^^^^^

warning: usage of an `unsafe` block
  --> src\security\memory.rs:55:22
   |
55 |         let result = unsafe { 
VirtualLock(addr as *mut 
winapi::ctypes::c_void, len) };
   |                      ^^^^^^^^^^^^^^^^^^^^^^
^^^^^^^^^^^^^^^^^^^^^^^^^^^^^^^^^^^^^^^^^^

warning: usage of an `unsafe` block
  --> src\security\memory.rs:73:22
   |
73 |         let result = unsafe { 
VirtualUnlock(addr as *mut 
winapi::ctypes::c_void, len) };
   |                      ^^^^^^^^^^^^^^^^^^^^^^
^^^^^^^^^^^^^^^^^^^^^^^^^^^^^^^^^^^^^^^^^^^^

warning: usage of an `unsafe` block
   --> src\security\memory.rs:154:19
    |
154 |         let ptr = unsafe { 
std::alloc::alloc_zeroed(layout) };
    |                   
^^^^^^^^^^^^^^^^^^^^^^^^^^^^^^^^^^^^^^^^^^^

warning: usage of an `unsafe` block
   --> src\security\memory.rs:184:9
    |
184 |         unsafe { 
std::slice::from_raw_parts_mut(self.ptr, 
self.len) }
    |         ^^^^^^^^^^^^^^^^^^^^^^^^^^^^^^^^^^
^^^^^^^^^^^^^^^^^^^^^^^^^^^

warning: usage of an `unsafe` block
   --> src\security\memory.rs:202:9
    |
202 | /         unsafe {
203 | |             ptr::write_bytes(self.ptr, 
0, self.len);
204 | |         }
    | |_________^

warning: usage of an `unsafe` block
   --> src\security\memory.rs:227:9
    |
227 | /         unsafe {
228 | |             let layout = std::alloc::Lay
out::from_size_align_unchecked(self.len, 8);
229 | |             
std::alloc::dealloc(self.ptr, layout);
230 | |         }
    | |_________^

warning: implementation of an `unsafe` trait
   --> src\security\memory.rs:237:1
    |
237 | unsafe impl Send for SecureMemory {}
    | ^^^^^^^^^^^^^^^^^^^^^^^^^^^^^^^^^^^^

warning: ambiguous glob re-exports
  --> src\security\mod.rs:45:9
   |
45 | pub use keystore::*;
   |         ^^^^^^^^^^^ the name `encryption` 
in the type namespace is first re-exported here
...
48 | pub use seed::*;
   |         ------- but the name `encryption` 
in the type namespace is also re-exported here
   |
   = note: `#[warn(ambiguous_glob_reexports)]` 
on by default

warning: unused import: 
`opentelemetry_otlp::WithExportConfig`
  --> src\telemetry\opentelemetry.rs:11:5
   |
11 | use opentelemetry_otlp::WithExportConfig;
   |     ^^^^^^^^^^^^^^^^^^^^^^^^^^^^^^^^^^^^
   |
   = note: `#[warn(unused_imports)]` (part of 
`#[warn(unused)]`) on by default

warning: unused import: `zeroize::Zeroizing`
  --> 
src\wallet\account_manager\creation.rs:26:5
   |
26 | use zeroize::Zeroizing;
   |     ^^^^^^^^^^^^^^^^^^

warning: unused import: `Zeroize`
  --> src\wallet\account_manager\import.rs:28:15
   |
28 | use zeroize::{Zeroize, Zeroizing};
   |               ^^^^^^^

warning: unused import: `SolStruct`
  --> src\wallet\account_manager\eip712.rs:19:38
   |
19 | use alloy::sol_types::{Eip712Domain, 
SolStruct};
   |                                      
^^^^^^^^^

warning: unused import: `std::str::FromStr`
  --> src\wallet\account_manager\eip712.rs:21:5
   |
21 | use std::str::FromStr;
   |     ^^^^^^^^^^^^^^^^^

warning: unused import: `SecureExport`
  --> src\wallet\backup\mod.rs:12:39
   |
12 | use crate::security::{SecureKeystore, 
SecureExport};
   |                                       
^^^^^^^^^^^^

warning: unused imports: `Zeroize` and 
`Zeroizing`
  --> src\wallet\backup\mod.rs:22:15
   |
22 | use zeroize::{Zeroize, Zeroizing};
   |               ^^^^^^^  ^^^^^^^^^

warning: unused imports: `B256`, `Bytes`, and 
`U256`
  --> src\wallet\provider\eip1193.rs:19:34
   |
19 | use alloy::primitives::{Address, Bytes, 
B256, U256};
   |                                  ^^^^^  
^^^^  ^^^^

warning: unused import: 
`std::collections::HashMap`
  --> src\wallet\provider\eip1193.rs:23:5
   |
23 | use std::collections::HashMap;
   |     ^^^^^^^^^^^^^^^^^^^^^^^^^

warning: unused imports: `VaughanError` and 
`WalletError`
  --> src\wallet\provider\eip1193.rs:28:28
   |
28 | use crate::error::{Result, VaughanError, 
WalletError};
   |                            ^^^^^^^^^^^^  
^^^^^^^^^^^

warning: unused import: `U256`
  --> src\wallet\transaction\simulator.rs:17:41
   |
17 | use alloy::primitives::{Address, Bytes, 
U256};
   |                                         
^^^^

warning: unused import: `std::str::FromStr`
  --> src\wallet\transaction\simulator.rs:20:5
   |
20 | use std::str::FromStr;
   |     ^^^^^^^^^^^^^^^^^

warning: unused imports: `NetworkError`, 
`Result`, and `VaughanError`
  --> src\wallet\transaction\simulator.rs:23:20
   |
23 | use crate::error::{Result, VaughanError, 
NetworkError};
   |                    ^^^^^^  ^^^^^^^^^^^^  
^^^^^^^^^^^^

warning: unused import: 
`alloy::transports::Transport`
  --> src\wallet\transaction\fees.rs:16:5
   |
16 | use alloy::transports::Transport;
   |     ^^^^^^^^^^^^^^^^^^^^^^^^^^^^

warning: unused import: `std::sync::Arc`
  --> src\wallet\transaction\fees.rs:20:5
   |
20 | use std::sync::Arc;
   |     ^^^^^^^^^^^^^^

error[E0433]: failed to resolve: use of 
undeclared type `NetworkError`
   --> src\performance\batch.rs:820:73
    |
820 | ...                   Err(crate::error::Va
ughanError::Network(NetworkError::RpcError {
    |                                           
                    ^^^^^^^^^^^^ use of 
undeclared type `NetworkError`
    |
help: consider importing this enum
    |
666 +     use crate::error::NetworkError;
    |

warning: unused imports: `HDPath as 
LedgerHDPath` and `HDPath as TrezorHDPath`
  --> src\security\hardware.rs:30:27
   |
30 |     alloy_signer_ledger::{HDPath as 
LedgerHDPath, LedgerSigner},
   |                           
^^^^^^^^^^^^^^^^^^^^^^
31 |     alloy_signer_trezor::{HDPath as 
TrezorHDPath, TrezorSigner},
   |                           
^^^^^^^^^^^^^^^^^^^^^^
   |
   = note: `#[warn(unused_imports)]` (part of 
`#[warn(unused)]`) on by default

warning: unused import: `tokio::time::sleep`
   --> src\security\export_auth.rs:122:9
    |
122 |     use tokio::time::sleep;
    |         ^^^^^^^^^^^^^^^^^^

warning: usage of an `unsafe` block
  --> src\security\memory.rs:55:22
   |
55 |         let result = unsafe { 
VirtualLock(addr as *mut 
winapi::ctypes::c_void, len) };
   |                      ^^^^^^^^^^^^^^^^^^^^^^
^^^^^^^^^^^^^^^^^^^^^^^^^^^^^^^^^^^^^^^^^^
   |
   = note: requested on the command line with 
`-W unsafe-code`

warning: unused import: `AtomicU32`
   --> src\security\session.rs:477:41
    |
477 |     use std::sync::atomic::{AtomicBool, 
AtomicU32, Ordering};
    |                                         
^^^^^^^^^

warning: unused import: 
`opentelemetry_otlp::WithExportConfig`
  --> src\telemetry\opentelemetry.rs:11:5
   |
11 | use opentelemetry_otlp::WithExportConfig;
   |     ^^^^^^^^^^^^^^^^^^^^^^^^^^^^^^^^^^^^

warning: unused import: `EncryptionType`
    --> 
src\wallet\account_manager\mod.rs:1085:27
     |
1085 |     use 
crate::security::{EncryptionType, KeyReference};
     |                           ^^^^^^^^^^^^^^

warning: unreachable pattern
  --> src\gui\services\wallet_service.rs:67:60
   |
67 |                         
"vaughan-wallet-encrypted-seeds" | 
crate::security::SERVICE_NAME_ENCRYPTED_SEEDS 
=> {
   |                         
--------------------------------   
^^^^^^^^^^^^^^^^^^^^^^^^^^^^^^^^^^^^^^^^^^^^^ 
no value can reach this
   |                         |
   |                         matches all the 
relevant values
   |
   = note: `#[warn(unreachable_patterns)]` 
(part of `#[warn(unused)]`) on by default

warning: unreachable pattern
  --> src\gui\services\wallet_service.rs:80:44
   |
80 |                         "vaughan-wallet" | 
crate::security::SERVICE_NAME_PRIVATE_KEYS => {
   |                         ----------------   
^^^^^^^^^^^^^^^^^^^^^^^^^^^^^^^^^^^^^^^^^^ no 
value can reach this
   |                         |
   |                         matches all the 
relevant values

error[E0599]: no method named `to_bytes` found 
for struct `Share` in the current scope
   --> src\wallet\backup\mod.rs:187:36
    |
187 |             .map(|s| 
hex::encode(s.to_bytes()))
    |                                    
^^^^^^^^ method not found in `Share`

warning: unreachable expression
   --> src\security\rate_limiter.rs:105:9
    |
103 |           return None;
    |           ----------- any code following 
this expression is unreachable
104 |
105 | /         if let Ok(home_dir) = 
std::env::var("HOME") {
106 | |              Some(PathBuf::from(home_dir
).join(".config").join("vaughan").join("rate_lim
its.json"))
107 | |         } else if let Ok(appdata_dir) = 
std::env::var("APPDATA") {
108 | |              Some(PathBuf::from(appdata_
dir).join("Vaughan").join("rate_limits.json"))
109 | |         } else {
110 | |              None
111 | |         }
    | |_________^ unreachable expression
    |
    = note: `#[warn(unreachable_code)]` (part 
of `#[warn(unused)]`) on by default

warning: unused import: `alloy::signers::Signer`
 --> src\wallet\account_manager\discovery.rs:9:5
  |
9 | use alloy::signers::Signer;
  |     ^^^^^^^^^^^^^^^^^^^^^^

warning: unused import: `alloy::signers::Signer`
  --> src\security\hardware.rs:13:5
   |
13 | use alloy::signers::Signer;
   |     ^^^^^^^^^^^^^^^^^^^^^^

warning: unreachable pattern
   --> src\security\keystore\storage.rs:132:69
    |
132 |                     
crate::security::SERVICE_NAME_ENCRYPTED_SEEDS | 
"vaughan-wallet-encrypted-seeds" => {
    |                     
---------------------------------------------   
^^^^^^^^^^^^^^^^^^^^^^^^^^^^^^^^ no value can 
reach this
    |                     |
    |                     matches all the 
relevant values

warning: unreachable pattern
   --> src\security\keystore\storage.rs:148:66
    |
148 |                     
crate::security::SERVICE_NAME_PRIVATE_KEYS | 
"vaughan-wallet" => {
    |                     
------------------------------------------   
^^^^^^^^^^^^^^^^ no value can reach this
    |                     |
    |                     matches all the 
relevant values

warning: unused variable: `e`
  --> src\wallet\account_manager\signer_integrat
ion.rs:52:23
   |
52 |             .map_err(|e| VaughanError::Wall
et(WalletError::InvalidPrivateKey))?;
   |                       ^ help: if this is 
intentional, prefix it with an underscore: `_e`
   |
   = note: `#[warn(unused_variables)]` (part of 
`#[warn(unused)]`) on by default

warning: unused variable: `e`
   --> src\security\rate_limiter.rs:243:20
    |
243 |         if let Err(e) = self.load() {
    |                    ^ help: if this is 
intentional, prefix it with an underscore: `_e`
    |
    = note: `#[warn(unused_variables)]` (part 
of `#[warn(unused)]`) on by default

For more information about this error, try 
`rustc --explain E0599`.
warning: `vaughan` (lib) generated 38 warnings
error: could not compile `vaughan` (lib) due to 
1 previous error; 38 warnings emitted
warning: build failed, waiting for other jobs 
to finish...
warning: unused variable: `details`
   --> src\telemetry\account_events.rs:737:13
    |
737 |             details in "[a-zA-Z0-9 
]{10,50}"
    |             ^^^^^^^ help: if this is 
intentional, prefix it with an underscore: 
`_details`

warning: unused variable: `valid_token`
   --> 
src\wallet\account_manager\export.rs:209:13
    |
209 |         let valid_token = 
auth.authenticate(true).await.unwrap();
    |             ^^^^^^^^^^^ help: if this is 
intentional, prefix it with an underscore: 
`_valid_token`

warning: unused variable: `e`
  --> src\wallet\account_manager\signer_integrat
ion.rs:52:23
   |
52 |             .map_err(|e| VaughanError::Wall
et(WalletError::InvalidPrivateKey))?;
   |                       ^ help: if this is 
intentional, prefix it with an underscore: `_e`

Some errors have detailed explanations: E0433, 
E0599.
For more information about an error, try `rustc 
--explain E0433`.
warning: `vaughan` (lib test) generated 36 
warnings (24 duplicates)
error: could not compile `vaughan` (lib test) 
due to 2 previous errors; 36 warnings emitted
